Component: ARM Compiler 5.06 update 6 (build 750) Tool: armlink [4d35ed]

==============================================================================

Section Cross References

    bubblesort.o(ARM) refers to bubblesort.o(MYDATA) for data2


==============================================================================

Image Symbol Table

    Local Symbols

    Symbol Name                              Value     Ov Type        Size  Object(Section)

    ARM                                      0x00000000   Section      188  bubblesort.o(ARM)
    bubblesort.s                             0x00000000   Number         0  bubblesort.o ABSOLUTE
    data1                                    0x00000098   Data           0  bubblesort.o(ARM)
    fim0                                     0x000000ac   Data           0  bubblesort.o(ARM)
    MYDATA                                   0x40000000   Section        0  bubblesort.o(MYDATA)
    data2                                    0x40000000   Data           0  bubblesort.o(MYDATA)

    Global Symbols

    Symbol Name                              Value     Ov Type        Size  Object(Section)

    BuildAttributes$$THM_ISAv1$ARM_ISAv4$S$PE$A:L22$X:L11$S22$IEEE1$IW$USESV6$~STKCKD$USESV7$~SHL$OSPACE$EBA8$STANDARDLIB$PRES8$EABIv2 0x00000000   Number         0  anon$$obj.o ABSOLUTE



==============================================================================

Memory Map of the image

  Image Entry point : 0x00000000

  Load Region LR_1 (Base: 0x00000000, Size: 0x000000bc, Max: 0xffffffff, ABSOLUTE)

    Execution Region ER_RO (Exec base: 0x00000000, Load base: 0x00000000, Size: 0x000000bc, Max: 0xffffffff, ABSOLUTE)

    Exec Addr    Load Addr    Size         Type   Attr      Idx    E Section Name        Object

    0x00000000   0x00000000   0x000000bc   Code   RO            1  * ARM                 bubblesort.o


    Execution Region ER_RW (Exec base: 0x40000000, Load base: 0x000000bc, Size: 0x00000000, Max: 0xffffffff, ABSOLUTE)

    Exec Addr    Load Addr    Size         Type   Attr      Idx    E Section Name        Object

    0x40000000   0x000000bc   0x00000000   Data   RW            2    MYDATA              bubblesort.o


    Execution Region ER_ZI (Exec base: 0x40000000, Load base: 0x000000bc, Size: 0x00000000, Max: 0xffffffff, ABSOLUTE)

    **** No section assigned to this execution region ****


==============================================================================

Image component sizes


      Code (inc. data)   RO Data    RW Data    ZI Data      Debug   Object Name

       188         36          0          0          0        288   bubblesort.o

    ----------------------------------------------------------------------
       188         36          0          0          0        288   Object Totals
         0          0          0          0          0          0   (incl. Generated)
         0          0          0          0          0          0   (incl. Padding)

    ----------------------------------------------------------------------
         0          0          0          0          0          0   Library Totals
         0          0          0          0          0          0   (incl. Padding)

    ----------------------------------------------------------------------

==============================================================================


      Code (inc. data)   RO Data    RW Data    ZI Data      Debug   

       188         36          0          0          0        288   Grand Totals
       188         36          0          0          0        288   ELF Image Totals
       188         36          0          0          0          0   ROM Totals

==============================================================================

    Total RO  Size (Code + RO Data)                  188 (   0.18kB)
    Total RW  Size (RW Data + ZI Data)                 0 (   0.00kB)
    Total ROM Size (Code + RO Data + RW Data)        188 (   0.18kB)

==============================================================================

