


ARM Macro Assembler    Page 1 


    1 00000000                 AREA             ARM, CODE, READONLY
    2 00000000                 ENTRY
    3 00000000 E3A00000        MOV              R0,#0
    4 00000004 E3A0100A        MOV              R1,#10
    5 00000008 E0800001 
                       volta   ADD              R0,R1
    6 0000000C         ;CMP R1,#1;
    7 0000000C E2511001        SUBS             R1,#1
    8 00000010 1AFFFFFC        BNE              volta
    9 00000014 EAFFFFFE 
                       fim     B                fim
   10 00000018                 END
Command Line: --debug --xref --diag_suppress=9931 --apcs=interwork --depend=.\o
bjects\contador_acumulador.d -o.\objects\contador_acumulador.o -IC:\Keil_v5\ARM
\RV31\INC -IC:\Keil_v5\ARM\CMSIS\Include -IC:\Keil_v5\ARM\Inc\Philips --predefi
ne="__EVAL SETA 1" --predefine="__UVISION_VERSION SETA 518" --list=.\listings\c
ontador_acumulador.lst contador_acumulador.s



ARM Macro Assembler    Page 1 Alphabetic symbol ordering
Relocatable symbols

ARM 00000000

Symbol: ARM
   Definitions
      At line 1 in file contador_acumulador.s
   Uses
      None
Comment: ARM unused
fim 00000014

Symbol: fim
   Definitions
      At line 9 in file contador_acumulador.s
   Uses
      At line 9 in file contador_acumulador.s
Comment: fim used once
volta 00000008

Symbol: volta
   Definitions
      At line 5 in file contador_acumulador.s
   Uses
      At line 8 in file contador_acumulador.s
Comment: volta used once
3 symbols
335 symbols in table
