Component: ARM Compiler 5.06 update 1 (build 61) Tool: armlink [4d35a8]

==============================================================================

Section Cross References

    rom_ram.o(ARM) refers to rom_ram.o(MyData) for data2


==============================================================================

Image Symbol Table

    Local Symbols

    Symbol Name                              Value     Ov Type        Size  Object(Section)

    ARM                                      0x00000000   Section      120  rom_ram.o(ARM)
    rom_ram.s                                0x00000000   Number         0  rom_ram.o ABSOLUTE
    regiao_de_busca                          0x0000002c   Data           0  rom_ram.o(ARM)
    regiao_fim                               0x0000006c   Data           0  rom_ram.o(ARM)
    MyData                                   0x40000000   Section      255  rom_ram.o(MyData)
    data2                                    0x40000000   Data         255  rom_ram.o(MyData)

    Global Symbols

    Symbol Name                              Value     Ov Type        Size  Object(Section)

    BuildAttributes$$THM_ISAv1$ARM_ISAv4$S$PE$A:L22$X:L11$S22$IEEE1$IW$USESV6$~STKCKD$USESV7$~SHL$OSPACE$EBA8$STANDARDLIB$PRES8$EABIv2 0x00000000   Number         0  anon$$obj.o ABSOLUTE



==============================================================================

Memory Map of the image

  Image Entry point : 0x00000000

  Load Region LR_1 (Base: 0x00000000, Size: 0x00000178, Max: 0xffffffff, ABSOLUTE)

    Execution Region ER_RO (Base: 0x00000000, Size: 0x00000078, Max: 0xffffffff, ABSOLUTE)

    Base Addr    Size         Type   Attr      Idx    E Section Name        Object

    0x00000000   0x00000078   Code   RO            1  * ARM                 rom_ram.o


    Execution Region ER_RW (Base: 0x40000000, Size: 0x00000100, Max: 0xffffffff, ABSOLUTE)

    Base Addr    Size         Type   Attr      Idx    E Section Name        Object

    0x40000000   0x000000ff   Data   RW            2    MyData              rom_ram.o


    Execution Region ER_ZI (Base: 0x40000100, Size: 0x00000000, Max: 0xffffffff, ABSOLUTE)

    **** No section assigned to this execution region ****


==============================================================================

Image component sizes


      Code (inc. data)   RO Data    RW Data    ZI Data      Debug   Object Name

       120         76          0        255          0        248   rom_ram.o

    ----------------------------------------------------------------------
       120         76          0        256          0        248   Object Totals
         0          0          0          0          0          0   (incl. Generated)
         0          0          0          1          0          0   (incl. Padding)

    ----------------------------------------------------------------------
         0          0          0          0          0          0   Library Totals
         0          0          0          0          0          0   (incl. Padding)

    ----------------------------------------------------------------------

==============================================================================


      Code (inc. data)   RO Data    RW Data    ZI Data      Debug   

       120         76          0        256          0        248   Grand Totals
       120         76          0        256          0        248   ELF Image Totals
       120         76          0        256          0          0   ROM Totals

==============================================================================

    Total RO  Size (Code + RO Data)                  120 (   0.12kB)
    Total RW  Size (RW Data + ZI Data)               256 (   0.25kB)
    Total ROM Size (Code + RO Data + RW Data)        376 (   0.37kB)

==============================================================================

