


ARM Macro Assembler    Page 1 


    1 00000000                 AREA             ARM, CODE, READONLY
    2 00000000                 ENTRY
    3 00000000 E59F0064        LDR              R0, =regiao_de_busca
    4 00000004 E59F1064        LDR              R1, =regiao_fim
    5 00000008 E59F2064        LDR              R2, =data2
    6 0000000C E5908000 
                       load    LDR              R8, [R0]
    7 00000010 E1500001        CMP              R0, R1
    8 00000014 0A000003        BEQ              fim
    9 00000018 E5828000        STR              R8, [R2]
   10 0000001C E2800004        ADD              R0, #4
   11 00000020 E2822004        ADD              R2, #4
   12 00000024 EAFFFFF8        B                load
   13 00000028 EAFFFFFE 
                       fim     B                fim
   14 0000002C         regiao_de_busca
   15 0000002C 00000001 
              00000002 
              00000003 
              12345678 
              00002345 
              00000001 
              00000001 
              00000FFF         dcd              1,2,3, 0x12345678, 0x2345, 0x1,
 1, 0xfff
   16 0000004C 00000002 
              0000000F         dcd              2, 0xf
   17 00000054 00000000        dcd              0
   18 00000058 00000002 
              00000004 
              00000004 
              00000004 
              00000004         dcd              2, 4,4,4,4
   19 0000006C         regiao_fim
   20 0000006C 00000000 
              00000000 
              00000000         AREA             MyData, DATA, READWRITE
   21 00000000 00 00 00 
              00 00 00 
              00 00 00 
              00 00 00 
              00 00 00 
              00 00 00 
              00 00 00 
              00 00 00 
              00 00 00 
              00 00 00 
              00 00 00 
              00 00 00 
              00 00 00 
              00 00 00 
              00 00 00 
              00 00 00 
              00 00 00 
              00 00 00 
              00 00 00 
              00 00 00 
              00 00 00 
              00 00 00 



ARM Macro Assembler    Page 2 


              00 00 00 
              00 00 00 
              00 00 00 
              00 00 00 
              00 00 00 
              00 00 00 
              00 00 00 
              00 00 00 
              00 00 00 
              00 00 00 
              00 00 00 
              00 00 00 
              00 00 00 
              00 00 00 
              00 00 00 
              00 00 00 
              00 00 00 
              00 00 00 
              00 00 00 
              00 00 00 
              00 00 00 
              00 00 00 
              00 00 00 
              00 00 00 
              00 00 00 
              00 00 00 
              00 00 00 
              00 00 00 
              00 00 00 
              00 00 00 
              00 00 00 
              00 00 00 
              00 00 00 
              00 00 00 
              00 00 00 
              00 00 00 
              00 00 00 
              00 00 00 
              00 00 00 
              00 00 00 
              00 00 00 
              00 00 00 
              00 00 00 
              00 00 00 
              00 00 00 
              00 00 00 
              00 00 00 
              00 00 00 
              00 00 00 
              00 00 00 
              00 00 00 
              00 00 00 
              00 00 00 
              00 00 00 
              00 00 00 
              00 00 00 
              00 00 00 
              00 00 00 
              00 00 00 



ARM Macro Assembler    Page 3 


              00 00 00 
              00 00 00 
              00 00 00 
              00 00 00 data2   SPACE            255
   22 000000FF                 END
Command Line: --debug --xref --diag_suppress=9931 --apcs=interwork --depend=.\o
bjects\rom_ram.d -o.\objects\rom_ram.o -IC:\Keil_v5\ARM\RV31\INC -IC:\Keil_v5\A
RM\CMSIS\Include -IC:\Keil_v5\ARM\Inc\Philips --predefine="__EVAL SETA 1" --pre
define="__UVISION_VERSION SETA 518" --list=.\listings\rom_ram.lst rom_ram.s



ARM Macro Assembler    Page 1 Alphabetic symbol ordering
Relocatable symbols

ARM 00000000

Symbol: ARM
   Definitions
      At line 1 in file rom_ram.s
   Uses
      None
Comment: ARM unused
fim 00000028

Symbol: fim
   Definitions
      At line 13 in file rom_ram.s
   Uses
      At line 8 in file rom_ram.s
      At line 13 in file rom_ram.s

load 0000000C

Symbol: load
   Definitions
      At line 6 in file rom_ram.s
   Uses
      At line 12 in file rom_ram.s
Comment: load used once
regiao_de_busca 0000002C

Symbol: regiao_de_busca
   Definitions
      At line 14 in file rom_ram.s
   Uses
      At line 3 in file rom_ram.s
Comment: regiao_de_busca used once
regiao_fim 0000006C

Symbol: regiao_fim
   Definitions
      At line 19 in file rom_ram.s
   Uses
      At line 4 in file rom_ram.s
Comment: regiao_fim used once
5 symbols



ARM Macro Assembler    Page 1 Alphabetic symbol ordering
Relocatable symbols

MyData 00000000

Symbol: MyData
   Definitions
      At line 20 in file rom_ram.s
   Uses
      None
Comment: MyData unused
data2 00000000

Symbol: data2
   Definitions
      At line 21 in file rom_ram.s
   Uses
      At line 5 in file rom_ram.s
Comment: data2 used once
2 symbols
341 symbols in table
