


ARM Macro Assembler    Page 1 


    1 00000000                 AREA             ARM, CODE, READONLY
    2 00000000                 ENTRY
    3 00000000 E3A00000        MOV              R0,#0
    4 00000004 E2800001 
                       volta   ADD              R0, #1
    5 00000008 E3500006        CMP              R0, #6
    6 0000000C 1AFFFFFC        BNE              volta
    7 00000010 EAFFFFFE 
                       fim     B                fim
    8 00000014                 END
Command Line: --debug --xref --diag_suppress=9931 --apcs=interwork --depend=.\o
bjects\contador_0a6.d -o.\objects\contador_0a6.o -IC:\Keil_v5\ARM\RV31\INC -IC:
\Keil_v5\ARM\CMSIS\Include -IC:\Keil_v5\ARM\Inc\Philips --predefine="__EVAL SET
A 1" --predefine="__UVISION_VERSION SETA 518" --list=.\listings\contador_0a6.ls
t contador_0a6.s



ARM Macro Assembler    Page 1 Alphabetic symbol ordering
Relocatable symbols

ARM 00000000

Symbol: ARM
   Definitions
      At line 1 in file contador_0a6.s
   Uses
      None
Comment: ARM unused
fim 00000010

Symbol: fim
   Definitions
      At line 7 in file contador_0a6.s
   Uses
      At line 7 in file contador_0a6.s
Comment: fim used once
volta 00000004

Symbol: volta
   Definitions
      At line 4 in file contador_0a6.s
   Uses
      At line 6 in file contador_0a6.s
Comment: volta used once
3 symbols
335 symbols in table
