


ARM Macro Assembler    Page 1 


    1 00000000                 AREA             ARM, CODE, READONLY
    2 00000000                 ENTRY
    3 00000000 E3A00000        MOV              R0,#0
    4 00000004 E3A01000        MOV              R1,#0
    5 00000008 E0800001 
                       volta   ADD              R0,R1
    6 0000000C E2811001        ADD              R1,#1
    7 00000010 E351000A        CMP              R1,#10
    8 00000014 DAFFFFFB        BLE              volta
    9 00000018 EAFFFFFE 
                       fim     B                fim
   10 0000001C                 END
Command Line: --debug --xref --diag_suppress=9931 --apcs=interwork --depend=.\o
bjects\contador_acumulador_cibele.d -o.\objects\contador_acumulador_cibele.o -I
C:\Keil_v5\ARM\RV31\INC -IC:\Keil_v5\ARM\CMSIS\Include -IC:\Keil_v5\ARM\INC\Phi
lips --predefine="__EVAL SETA 1" --predefine="__UVISION_VERSION SETA 525" --lis
t=.\listings\contador_acumulador_cibele.lst contador_acumulador_cibele.s



ARM Macro Assembler    Page 1 Alphabetic symbol ordering
Relocatable symbols

ARM 00000000

Symbol: ARM
   Definitions
      At line 1 in file contador_acumulador_cibele.s
   Uses
      None
Comment: ARM unused
fim 00000018

Symbol: fim
   Definitions
      At line 9 in file contador_acumulador_cibele.s
   Uses
      At line 9 in file contador_acumulador_cibele.s
Comment: fim used once
volta 00000008

Symbol: volta
   Definitions
      At line 5 in file contador_acumulador_cibele.s
   Uses
      At line 8 in file contador_acumulador_cibele.s
Comment: volta used once
3 symbols
335 symbols in table
