<!doctype html public "-//w3c//dtd html 4.0 transitional//en">
<html><head>
<title>Static Call Graph - [.\Objects\sequencia_dados.axf]</title></head>
<body><HR>
<H1>Static Call Graph for image .\Objects\sequencia_dados.axf</H1><HR>
<BR><P>#&#060CALLGRAPH&#062# ARM Linker, 5060061: Last Updated: Sat Sep 22 11:58:31 2018
<BR><P>
<H3>Maximum Stack Usage =          0 bytes + Unknown(Functions without stacksize, Cycles, Untraceable Function Pointers)</H3><H3>
Call chain for Maximum Stack Depth:</H3>

<P>
<H3>
Functions with no stack information
</H3><UL>
 <LI><a href="#[0]">regiao_fim</a>
</UL>
</UL>
<P>
<H3>
Mutually Recursive functions
</H3> <LI><a href="#[0]">regiao_fim</a>&nbsp;&nbsp;&nbsp;&rArr;&nbsp;&nbsp;&nbsp;<a href="#[0]">regiao_fim</a><BR>
</UL>
<P>
<H3>
Function Pointers
</H3><UL>
 <LI><a href="#[0]">regiao_fim</a> from sequencia_dados.o(ARM) referenced from sequencia_dados.o(ARM)
</UL>
<P>
<H3>
Global Symbols
</H3><P>
<H3>
Local Symbols
</H3>
<P><STRONG><a name="[0]"></a>regiao_fim</STRONG> (ARM, 0 bytes, Stack size unknown bytes, sequencia_dados.o(ARM))
<BR><BR>[Calls]<UL><LI><a href="#[0]">&gt;&gt;</a>&nbsp;&nbsp;&nbsp;regiao_fim
</UL>
<BR>[Called By]<UL><LI><a href="#[0]">&gt;&gt;</a>&nbsp;&nbsp;&nbsp;regiao_fim
</UL>
<BR>[Address Reference Count : 1]<UL><LI> sequencia_dados.o(ARM)
</UL><P>
<H3>
Undefined Global Symbols
</H3><HR></body></html>
