


ARM Macro Assembler    Page 1 


    1 00000000                 AREA             ARM, CODE, READONLY
    2 00000000                 ENTRY
    3 00000000 E3A00000        MOV              R0,#0
    4 00000004 E350000A 
                       VOLTA   CMP              R0, #10
    5 00000008 12800001        ADDNE            R0, #1
    6 0000000C EAFFFFFC        B                VOLTA
    7 00000010                 END
Command Line: --debug --xref --diag_suppress=9931 --apcs=interwork --depend=.\o
bjects\contador_crescente_prof.d -o.\objects\contador_crescente_prof.o -IC:\Kei
l_v5\ARM\RV31\INC -IC:\Keil_v5\ARM\CMSIS\Include -IC:\Keil_v5\ARM\INC\Philips -
-predefine="__EVAL SETA 1" --predefine="__UVISION_VERSION SETA 525" --list=.\li
stings\contador_crescente_prof.lst contador_crescente_prof.s



ARM Macro Assembler    Page 1 Alphabetic symbol ordering
Relocatable symbols

ARM 00000000

Symbol: ARM
   Definitions
      At line 1 in file contador_crescente_prof.s
   Uses
      None
Comment: ARM unused
VOLTA 00000004

Symbol: VOLTA
   Definitions
      At line 4 in file contador_crescente_prof.s
   Uses
      At line 6 in file contador_crescente_prof.s
Comment: VOLTA used once
2 symbols
334 symbols in table
